Microchip MPLAB XC8 Compiler V2.32

Linker command line:

-W-3 --edf=C:\Program Files\Microchip\xc8\v2.32\pic\dat\en_msgs.txt -cn \
  -h+dist/default/production\Black_Box_Project.X.production.sym \
  --cmf=dist/default/production\Black_Box_Project.X.production.cmf -z \
  -Q16F877A -oC:\Users\Utsava\AppData\Local\Temp\xcAs6ic.4 \
  --defsym=__MPLAB_BUILD=1 \
  -Mdist/default/production/Black_Box_Project.X.production.map -E1 \
  -ver=XC8 Compiler --acfsm=1493 -ASTACK=0110h-016Fh -pstack=STACK \
  -ACODE=00h-07FFhx4 -ASTRCODE=00h-01FFFh -ASTRING=00h-0FFhx32 \
  -ACONST=00h-0FFhx32 -AENTRY=00h-0FFhx32 -ACOMMON=070h-07Fh \
  -ABANK0=020h-06Fh -ABANK1=0A0h-0EFh -ABANK2=0110h-016Fh \
  -ABANK3=0190h-01EFh -ARAM=020h-06Fh,0A0h-0EFh,0110h-016Fh,0190h-01EFh \
  -AABS1=020h-07Fh,0A0h-0EFh,0110h-016Fh,0190h-01EFh -ASFR0=00h-01Fh \
  -ASFR1=080h-09Fh -ASFR2=0100h-010Fh -ASFR3=0180h-018Fh \
  -ACONFIG=02007h-02007h -DCONFIG=2 -AIDLOC=02000h-02003h -DIDLOC=2 \
  -AEEDATA=00h-0FFh/02100h -peeprom_data=EEDATA -DEEDATA=2 -DCODE=2 \
  -DSTRCODE=2 -DSTRING=2 -DCONST=2 -DENTRY=2 \
  -preset_vec=00h,intentry=04h,init,end_init -ppowerup=CODE -pcinit=CODE \
  -pfunctab=ENTRY -k C:\Users\Utsava\AppData\Local\Temp\xcAs6ic.o \
  dist/default/production\Black_Box_Project.X.production.o 

Object code version is 3.11

Machine type is 16F877A



                Name                               Link     Load   Length Selector   Space Scale
C:\Users\Utsava\AppData\Local\Temp\xcAs6ic.o
                end_init                             10       10        3        8       0
                reset_vec                             0        0        3        0       0
                config                             2007     2007        1        0       4
dist/default/production\Black_Box_Project.X.production.o
                cinit                                13       13       35        8       0
                intentry                              4        4        C        8       0
                config                             2007     2007        1        0       4
                text49                             14F3     14F3       59     29E6       0
                text48                             14AD     14AD       46     295A       0
                text47                              7F3      7F3        D        8       0
                text46                             1F0C     1F0C        9     3E18       0
                text45                             1F15     1F15        9     3E2A       0
                text44                             1F28     1F28        B     3E50       0
                text43                             1FE2     1FE2       1E     3FC4       0
                text42                             1382     1382       38     2704       0
                text41                             12B1     12B1       33     2562       0
                text40                             1F82     1F82       15     3F04       0
                text39                             1F49     1F49       12     3E92       0
                text38                             142C     142C       40     2858       0
                text37                              E01      E01      1FF     1C02       0
                text36                             16D0     16D0       69     2DA0       0
                text35                             154C     154C       5B     2A98       0
                text34                             146C     146C       41     28D8       0
                text33                             11B4     11B4       23     2368       0
                text32                             1F33     1F33        B     3E66       0
                text31                             1318     1318       35     2630       0
                text30                             1192     1192       22     2324       0
                text29                             1739     1739       C7     2E72       0
                text28                             1605     1605       63     2C0A       0
                text27                             1F97     1F97       17     3F2E       0
                text26                             1F3E     1F3E        B     3E7C       0
                text25                             11D7     11D7       26     23AE       0
                text24                             134D     134D       35     269A       0
                text23                              91C      91C      16C     1238       0
                text22                             1EFD     1EFD        7     3DFA       0
                text21                              782      782       71        8       0
                text20                             1167     1167        B     22CE       0
                text19                             1161     1161        6     22C2       0
                text18                             1172     1172       20     22E4       0
                text17                             1FC7     1FC7       1B     3F8E       0
                text16                             1668     1668       68     2CD0       0
                text15                             12E4     12E4       34     25C8       0
                text14                             1F1E     1F1E        A     3E3C       0
                text13                             127F     127F       32     24FE       0
                text12                             13F2     13F2       3A     27E4       0
                text11                             124E     124E       31     249C       0
                text10                             13BA     13BA       38     2774       0
                text9                               802      802       47     1004       0
                text8                              15A7     15A7       5E     2B4E       0
                text7                               A88      A88      1B6     1510       0
                text6                               849      849       D3     1092       0
                text5                              1F6E     1F6E       14     3EDC       0
                text4                              1224     1224       2A     2448       0
                text3                               45C      45C      326        8       0
                text2                              11FD     11FD       27     23FA       0
                text1                               C3E      C3E      1C3     187C       0
                maintext                             48       48      414        8       0
                cstackBANK0                          20       20       1E       20       1
                cstackCOMMON                         70       70        7       70       1
                cstackBANK3                         190      190       21      190       1
                clrtext                            1F04     1F04        8     3E08       0
                inittext                           1F5B     1F5B       13     3EB6       0
                dataBANK1                            C9       C9       19       A0       1
                bssBANK1                             A0       A0       29       A0       1
                dataBANK0                            53       53        1       20       1
                bssBANK0                             3E       3E       15       20       1
                dataCOMMON                           77       77        2       70       1
                bssCOMMON                            79       79        1       70       1
                stringtext                         1000     1000      161       20       0
                strings                            1800     1800       12     3000       0
                idataBANK1                         1FAE     1FAE       19     3F5C       0
                idataBANK0                            3        3        1        0       0
                idataCOMMON                         800      800        2        8       0

TOTAL           Name                               Link     Load   Length     Space
        CLASS   STACK          

        CLASS   CODE           
                end_init                             10       10        3         0
                cinit                                13       13       35         0
                intentry                              4        4        C         0
                reset_vec                             0        0        3         0
                text49                             14F3     14F3       59         0
                text48                             14AD     14AD       46         0
                text47                              7F3      7F3        D         0
                text46                             1F0C     1F0C        9         0
                text45                             1F15     1F15        9         0
                text44                             1F28     1F28        B         0
                text43                             1FE2     1FE2       1E         0
                text42                             1382     1382       38         0
                text41                             12B1     12B1       33         0
                text40                             1F82     1F82       15         0
                text39                             1F49     1F49       12         0
                text38                             142C     142C       40         0
                text37                              E01      E01      1FF         0
                text36                             16D0     16D0       69         0
                text35                             154C     154C       5B         0
                text34                             146C     146C       41         0
                text33                             11B4     11B4       23         0
                text32                             1F33     1F33        B         0
                text31                             1318     1318       35         0
                text30                             1192     1192       22         0
                text29                             1739     1739       C7         0
                text28                             1605     1605       63         0
                text27                             1F97     1F97       17         0
                text26                             1F3E     1F3E        B         0
                text25                             11D7     11D7       26         0
                text24                             134D     134D       35         0
                text23                              91C      91C      16C         0
                text22                             1EFD     1EFD        7         0
                text21                              782      782       71         0
                text20                             1167     1167        B         0
                text19                             1161     1161        6         0
                text18                             1172     1172       20         0
                text17                             1FC7     1FC7       1B         0
                text16                             1668     1668       68         0
                text15                             12E4     12E4       34         0
                text14                             1F1E     1F1E        A         0
                text13                             127F     127F       32         0
                text12                             13F2     13F2       3A         0
                text11                             124E     124E       31         0
                text10                             13BA     13BA       38         0
                text9                               802      802       47         0
                text8                              15A7     15A7       5E         0
                text7                               A88      A88      1B6         0
                text6                               849      849       D3         0
                text5                              1F6E     1F6E       14         0
                text4                              1224     1224       2A         0
                text3                               45C      45C      326         0
                text2                              11FD     11FD       27         0
                text1                               C3E      C3E      1C3         0
                maintext                             48       48      414         0
                clrtext                            1F04     1F04        8         0
                inittext                           1F5B     1F5B       13         0
                idataBANK1                         1FAE     1FAE       19         0
                idataBANK0                            3        3        1         0
                idataCOMMON                         800      800        2         0

        CLASS   STRCODE        
                stringtext                         1000     1000      161         0

        CLASS   STRING         
                strings                            1800     1800       12         0

        CLASS   CONST          

        CLASS   ENTRY          

        CLASS   COMMON         
                cstackCOMMON                         70       70        7         1
                dataCOMMON                           77       77        2         1
                bssCOMMON                            79       79        1         1

        CLASS   BANK0          
                cstackBANK0                          20       20       1E         1
                dataBANK0                            53       53        1         1
                bssBANK0                             3E       3E       15         1

        CLASS   BANK1          
                dataBANK1                            C9       C9       19         1
                bssBANK1                             A0       A0       29         1

        CLASS   BANK2          

        CLASS   BANK3          
                cstackBANK3                         190      190       21         1

        CLASS   RAM            

        CLASS   ABS1           
                abs_s1                               7E       7E        2         1

        CLASS   SFR0           

        CLASS   SFR1           

        CLASS   SFR2           

        CLASS   SFR3           

        CLASS   CONFIG         
                config                             2007     2007        1         4

        CLASS   IDLOC          

        CLASS   EEDATA         



SEGMENTS        Name                           Load    Length   Top    Selector   Space  Class     Delta

                reset_vec                      000000  000004  000004         0       0  CODE        2
                intentry                       000004  0007FE  000802         8       0  CODE        2
                cstackBANK0                    000020  000034  000054        20       1  BANK0       1
                cstackCOMMON                   000070  00000A  00007A        70       1  COMMON      1
                bssBANK1                       0000A0  000042  0000E2        A0       1  BANK1       1
                cstackBANK3                    000190  000021  0001B1       190       1  BANK3       1
                text9                          000802  000047  000849      1004       0  CODE        2
                text6                          000849  0000D3  00091C      1092       0  CODE        2
                text23                         00091C  00016C  000A88      1238       0  CODE        2
                text7                          000A88  0001B6  000C3E      1510       0  CODE        2
                text1                          000C3E  0001C3  000E01      187C       0  CODE        2
                text37                         000E01  0001FF  001000      1C02       0  CODE        2
                stringtext                     001000  000161  001161        20       0  STRCODE     2
                text19                         001161  000006  001167      22C2       0  CODE        2
                text20                         001167  00000B  001172      22CE       0  CODE        2
                text18                         001172  000020  001192      22E4       0  CODE        2
                text30                         001192  000022  0011B4      2324       0  CODE        2
                text33                         0011B4  000023  0011D7      2368       0  CODE        2
                text25                         0011D7  000026  0011FD      23AE       0  CODE        2
                text2                          0011FD  000027  001224      23FA       0  CODE        2
                text4                          001224  00002A  00124E      2448       0  CODE        2
                text11                         00124E  000031  00127F      249C       0  CODE        2
                text13                         00127F  000032  0012B1      24FE       0  CODE        2
                text41                         0012B1  000033  0012E4      2562       0  CODE        2
                text15                         0012E4  000034  001318      25C8       0  CODE        2
                text31                         001318  000035  00134D      2630       0  CODE        2
                text24                         00134D  000035  001382      269A       0  CODE        2
                text42                         001382  000038  0013BA      2704       0  CODE        2
                text10                         0013BA  000038  0013F2      2774       0  CODE        2
                text12                         0013F2  00003A  00142C      27E4       0  CODE        2
                text38                         00142C  000040  00146C      2858       0  CODE        2
                text34                         00146C  000041  0014AD      28D8       0  CODE        2
                text48                         0014AD  000046  0014F3      295A       0  CODE        2
                text49                         0014F3  000059  00154C      29E6       0  CODE        2
                text35                         00154C  00005B  0015A7      2A98       0  CODE        2
                text8                          0015A7  00005E  001605      2B4E       0  CODE        2
                text28                         001605  000063  001668      2C0A       0  CODE        2
                text16                         001668  000068  0016D0      2CD0       0  CODE        2
                text36                         0016D0  000069  001739      2DA0       0  CODE        2
                text29                         001739  0000C7  001800      2E72       0  CODE        2
                strings                        001800  000012  001812      3000       0  STRING      2
                text22                         001EFD  000007  001F04      3DFA       0  CODE        2
                clrtext                        001F04  000008  001F0C      3E08       0  CODE        2
                text46                         001F0C  000009  001F15      3E18       0  CODE        2
                text45                         001F15  000009  001F1E      3E2A       0  CODE        2
                text14                         001F1E  00000A  001F28      3E3C       0  CODE        2
                text44                         001F28  00000B  001F33      3E50       0  CODE        2
                text32                         001F33  00000B  001F3E      3E66       0  CODE        2
                text26                         001F3E  00000B  001F49      3E7C       0  CODE        2
                text39                         001F49  000012  001F5B      3E92       0  CODE        2
                inittext                       001F5B  000013  001F6E      3EB6       0  CODE        2
                text5                          001F6E  000014  001F82      3EDC       0  CODE        2
                text40                         001F82  000015  001F97      3F04       0  CODE        2
                text27                         001F97  000017  001FAE      3F2E       0  CODE        2
                idataBANK1                     001FAE  000019  001FC7      3F5C       0  CODE        2
                text17                         001FC7  00001B  001FE2      3F8E       0  CODE        2
                text43                         001FE2  00001E  002000      3FC4       0  CODE        2


UNUSED ADDRESS RANGES

        Name                Unused          Largest block    Delta
        BANK0            0054-006F             1C           1
        BANK1            00E2-00EF              E           1
        BANK2            0110-016F             60           1
        BANK3            01B1-01EF             3F           1
        CODE             1812-1EFC            6EB           2
        COMMON           007A-007D              4           1
        CONST            1812-1EFC            100           2
        EEDATA           2100-21FF            100           2
        ENTRY            1812-1EFC            100           2
        IDLOC            2000-2003              4           2
        RAM              0054-006F             1C           1
                         00E2-00EF              E
                         0110-016F             60
                         01B1-01EF             3F
        SFR0             0000-001F             20           1
        SFR1             0080-009F             20           1
        SFR2             0100-010F             10           1
        SFR3             0180-018F             10           1
        STACK            0110-016F             60           1
        STRCODE          1812-1EFC            6EB           2
        STRING           1812-1EFC            100           2

                                  Symbol Table

?___awdiv                         cstackBANK0  0020
?___awmod                         cstackBANK0  0028
?___lldiv                         cstackBANK0  0020
?___lwdiv                         cstackBANK0  0022
?_read_adc                        cstackCOMMON 0074
?_strncmp                         cstackCOMMON 0074
_ACKDT                            (abs)        048D
_ACKEN                            (abs)        048C
_ACKSTAT                          (abs)        048E
_ADFM                             (abs)        04FF
_ADON                             (abs)        00F8
_ADRESH                           (abs)        001E
_ADRESL                           (abs)        009E
_CREN                             (abs)        00C4
_GIE                              (abs)        005F
_GO                               (abs)        00FA
_PEIE                             (abs)        005E
_PEN                              (abs)        048A
_PORTB                            (abs)        0006
_PORTD                            (abs)        0008
_PR2                              (abs)        0092
_RCEN                             (abs)        048B
_RCIF                             (abs)        0065
_RCREG                            (abs)        001A
_RE1                              (abs)        0049
_RE2                              (abs)        004A
_R_nW                             (abs)        04A2
_SEN                              (abs)        0488
_SPBRG                            (abs)        0099
_SPEN                             (abs)        00C7
_SSPADD                           (abs)        0093
_SSPBUF                           (abs)        0013
_SSPCON2                          (abs)        0091
_SSPEN                            (abs)        00A5
_SSPM3                            (abs)        00A3
_T2CKPS0                          (abs)        0090
_T2CKPS1                          (abs)        0091
_TMR2IE                           (abs)        0461
_TMR2IF                           (abs)        0061
_TMR2ON                           (abs)        0092
_TRISB                            (abs)        0086
_TRISD                            (abs)        0088
_TRISE1                           (abs)        0449
_TRISE2                           (abs)        044A
_TXIF                             (abs)        0064
_TXREG                            (abs)        0019
__Habs1                           abs1         0000
__Hbank0                          bank0        0000
__Hbank1                          bank1        0000
__Hbank2                          bank2        0000
__Hbank3                          bank3        0000
__HbssBANK0                       bssBANK0     0000
__HbssBANK1                       bssBANK1     0000
__HbssCOMMON                      bssCOMMON    0000
__Hcinit                          cinit        0048
__Hclrtext                        clrtext      0000
__Hcode                           code         0000
__Hcommon                         common       0000
__Hconfig                         config       2008
__HcstackBANK0                    cstackBANK0  0000
__HcstackBANK3                    cstackBANK3  0000
__HcstackCOMMON                   cstackCOMMON 0000
__HdataBANK0                      dataBANK0    0000
__HdataBANK1                      dataBANK1    0000
__HdataCOMMON                     dataCOMMON   0000
__Heeprom_data                    eeprom_data  0000
__Hend_init                       end_init     0013
__Hfunctab                        functab      0000
__HidataBANK0                     idataBANK0   0000
__HidataBANK1                     idataBANK1   0000
__HidataCOMMON                    idataCOMMON  0000
__Hinit                           init         0010
__Hinittext                       inittext     0000
__Hintentry                       intentry     0010
__Hmaintext                       maintext     0000
__Hpowerup                        powerup      0000
__Hram                            ram          0000
__Hreset_vec                      reset_vec    0003
__Hsfr0                           sfr0         0000
__Hsfr1                           sfr1         0000
__Hsfr2                           sfr2         0000
__Hsfr3                           sfr3         0000
__Hspace_0                        (abs)        2000
__Hspace_1                        (abs)        01B1
__Hspace_2                        (abs)        0000
__Hspace_3                        (abs)        0000
__Hspace_4                        (abs)        400F
__Hstack                          stack        0000
__Hstrings                        strings      0000
__Hstringtext                     stringtext   0000
__Htext                           text         0000
__Labs1                           abs1         0000
__Lbank0                          bank0        0000
__Lbank1                          bank1        0000
__Lbank2                          bank2        0000
__Lbank3                          bank3        0000
__LbssBANK0                       bssBANK0     0000
__LbssBANK1                       bssBANK1     0000
__LbssCOMMON                      bssCOMMON    0000
__Lcinit                          cinit        0013
__Lclrtext                        clrtext      0000
__Lcode                           code         0000
__Lcommon                         common       0000
__Lconfig                         config       0000
__LcstackBANK0                    cstackBANK0  0000
__LcstackBANK3                    cstackBANK3  0000
__LcstackCOMMON                   cstackCOMMON 0000
__LdataBANK0                      dataBANK0    0000
__LdataBANK1                      dataBANK1    0000
__LdataCOMMON                     dataCOMMON   0000
__Leeprom_data                    eeprom_data  0000
__Lend_init                       end_init     0010
__Lfunctab                        functab      0000
__LidataBANK0                     idataBANK0   0000
__LidataBANK1                     idataBANK1   0000
__LidataCOMMON                    idataCOMMON  0000
__Linit                           init         0010
__Linittext                       inittext     0000
__Lintentry                       intentry     0004
__Lmaintext                       maintext     0000
__Lpowerup                        powerup      0000
__Lram                            ram          0000
__Lreset_vec                      reset_vec    0000
__Lsfr0                           sfr0         0000
__Lsfr1                           sfr1         0000
__Lsfr2                           sfr2         0000
__Lsfr3                           sfr3         0000
__Lspace_0                        (abs)        0000
__Lspace_1                        (abs)        0000
__Lspace_2                        (abs)        0000
__Lspace_3                        (abs)        0000
__Lspace_4                        (abs)        0000
__Lstack                          stack        0000
__Lstrings                        strings      0000
__Lstringtext                     stringtext   0000
__Ltext                           text         0000
__S0                              (abs)        2000
__S1                              (abs)        01B1
__S2                              (abs)        0000
__S3                              (abs)        0000
___awdiv                          text36       16D0
___awdiv@counter                  cstackBANK0  0024
___awdiv@dividend                 cstackBANK0  0022
___awdiv@divisor                  cstackBANK0  0020
___awdiv@quotient                 cstackBANK0  0026
___awdiv@sign                     cstackBANK0  0025
___awmod                          text35       154C
___awmod@counter                  cstackBANK0  002C
___awmod@dividend                 cstackBANK0  002A
___awmod@divisor                  cstackBANK0  0028
___awmod@sign                     cstackBANK0  002D
___bmul                           text27       1F97
___bmul@multiplicand              cstackCOMMON 0074
___bmul@multiplier                cstackBANK0  0021
___bmul@product                   cstackBANK0  0020
___int_sp                         stack        0000
___latbits                        (abs)        0002
___lldiv                          text16       1668
___lldiv@counter                  cstackBANK0  002C
___lldiv@dividend                 cstackBANK0  0024
___lldiv@divisor                  cstackBANK0  0020
___lldiv@quotient                 cstackBANK0  0028
___lwdiv                          text48       14AD
___lwdiv@counter                  cstackBANK0  0026
___lwdiv@dividend                 cstackBANK0  0024
___lwdiv@divisor                  cstackBANK0  0022
___lwdiv@quotient                 cstackBANK0  0027
___sp                             stack        0000
___stackhi                        (abs)        0000
___stacklo                        (abs)        0000
__end_of___awdiv                  text36       1739
__end_of___awmod                  text35       15A7
__end_of___bmul                   text27       1FAE
__end_of___lldiv                  text16       16D0
__end_of___lwdiv                  text48       14F3
__end_of__initialization          cinit        0044
__end_of__stringtab               strings      1812
__end_of_byte_write_EEPROM        text43       2000
__end_of_change_password          text37       1000
__end_of_clcd_print               text41       12E4
__end_of_clcd_putch               text40       1F97
__end_of_clcd_write               text42       13BA
__end_of_clear_screen             text39       1F5B
__end_of_dec2bcd                  text34       14AD
__end_of_display_dash_screen      text28       1668
__end_of_display_time             text29       1800
__end_of_download_log             text23       0A88
__end_of_get_time                 text30       11B4
__end_of_i2c_read                 text33       11D7
__end_of_i2c_rep_start            text32       1F3E
__end_of_i2c_start                text46       1F15
__end_of_i2c_stop                 text45       1F1E
__end_of_i2c_wait_for_idle        text47       0800
__end_of_i2c_write                text44       1F33
__end_of_init_adc                 text22       1F04
__end_of_init_clcd                text20       1172
__end_of_init_config              text12       142C
__end_of_init_digital_keypad      text19       1167
__end_of_init_display_controller  text21       07F3
__end_of_init_ds1307              text17       1FE2
__end_of_init_i2c                 text15       1318
__end_of_init_timer2              text14       1F28
__end_of_init_uart                text13       12B1
__end_of_isr                      text49       154C
__end_of_log_car_event            text10       13F2
__end_of_log_event                text8        1605
__end_of_login                    text7        0C3E
__end_of_login_menu               text6        091C
__end_of_main                     maintext     045C
__end_of_putchar                  text26       1F49
__end_of_puts                     text25       11FD
__end_of_read_EEPROM              text24       1382
__end_of_read_adc                 text5        1F82
__end_of_read_digital_keypad      text4        124E
__end_of_read_ds1307              text31       134D
__end_of_set_time                 text3        0782
__end_of_str_write_EEPROM         text11       127F
__end_of_strcpy                   text2        1224
__end_of_strncmp                  text38       146C
__end_of_strncpy                  text9        0849
__end_of_view_log                 text1        0E01
__end_of_write_ds1307             text18       1192
__initialization                  cinit        0013
__pbssBANK0                       bssBANK0     003E
__pbssBANK1                       bssBANK1     00A0
__pbssCOMMON                      bssCOMMON    0079
__pcstackBANK0                    cstackBANK0  0020
__pcstackBANK3                    cstackBANK3  0190
__pcstackCOMMON                   cstackCOMMON 0070
__pdataBANK0                      dataBANK0    0053
__pdataBANK1                      dataBANK1    00C9
__pdataCOMMON                     dataCOMMON   0077
__pidataBANK0                     idataBANK0   0003
__pidataBANK1                     idataBANK1   1FAE
__pidataCOMMON                    idataCOMMON  0800
__pintentry                       intentry     0004
__pmaintext                       maintext     0048
__pstrings                        strings      1800
__pstringtext                     stringtext   1000
__ptext1                          text1        0C3E
__ptext10                         text10       13BA
__ptext11                         text11       124E
__ptext12                         text12       13F2
__ptext13                         text13       127F
__ptext14                         text14       1F1E
__ptext15                         text15       12E4
__ptext16                         text16       1668
__ptext17                         text17       1FC7
__ptext18                         text18       1172
__ptext19                         text19       1161
__ptext2                          text2        11FD
__ptext20                         text20       1167
__ptext21                         text21       0782
__ptext22                         text22       1EFD
__ptext23                         text23       091C
__ptext24                         text24       134D
__ptext25                         text25       11D7
__ptext26                         text26       1F3E
__ptext27                         text27       1F97
__ptext28                         text28       1605
__ptext29                         text29       1739
__ptext3                          text3        045C
__ptext30                         text30       1192
__ptext31                         text31       1318
__ptext32                         text32       1F33
__ptext33                         text33       11B4
__ptext34                         text34       146C
__ptext35                         text35       154C
__ptext36                         text36       16D0
__ptext37                         text37       0E01
__ptext38                         text38       142C
__ptext39                         text39       1F49
__ptext4                          text4        1224
__ptext40                         text40       1F82
__ptext41                         text41       12B1
__ptext42                         text42       1382
__ptext43                         text43       1FE2
__ptext44                         text44       1F28
__ptext45                         text45       1F15
__ptext46                         text46       1F0C
__ptext47                         text47       07F3
__ptext48                         text48       14AD
__ptext49                         text49       14F3
__ptext5                          text5        1F6E
__ptext6                          text6        0849
__ptext7                          text7        0A88
__ptext8                          text8        15A7
__ptext9                          text9        0802
__size_of___awdiv                 (abs)        0000
__size_of___awmod                 (abs)        0000
__size_of___bmul                  (abs)        0000
__size_of___lldiv                 (abs)        0000
__size_of___lwdiv                 (abs)        0000
__size_of_byte_write_EEPROM       (abs)        0000
__size_of_change_password         (abs)        0000
__size_of_clcd_print              (abs)        0000
__size_of_clcd_putch              (abs)        0000
__size_of_clcd_write              (abs)        0000
__size_of_clear_screen            (abs)        0000
__size_of_dec2bcd                 (abs)        0000
__size_of_display_dash_screen     (abs)        0000
__size_of_display_time            (abs)        0000
__size_of_download_log            (abs)        0000
__size_of_get_time                (abs)        0000
__size_of_i2c_read                (abs)        0000
__size_of_i2c_rep_start           (abs)        0000
__size_of_i2c_start               (abs)        0000
__size_of_i2c_stop                (abs)        0000
__size_of_i2c_wait_for_idle       (abs)        0000
__size_of_i2c_write               (abs)        0000
__size_of_init_adc                (abs)        0000
__size_of_init_clcd               (abs)        0000
__size_of_init_config             (abs)        0000
__size_of_init_digital_keypad     (abs)        0000
__size_of_init_display_controller (abs)        0000
__size_of_init_ds1307             (abs)        0000
__size_of_init_i2c                (abs)        0000
__size_of_init_timer2             (abs)        0000
__size_of_init_uart               (abs)        0000
__size_of_isr                     (abs)        0000
__size_of_log_car_event           (abs)        0000
__size_of_log_event               (abs)        0000
__size_of_login                   (abs)        0000
__size_of_login_menu              (abs)        0000
__size_of_main                    (abs)        0000
__size_of_putchar                 (abs)        0000
__size_of_puts                    (abs)        0000
__size_of_read_EEPROM             (abs)        0000
__size_of_read_adc                (abs)        0000
__size_of_read_digital_keypad     (abs)        0000
__size_of_read_ds1307             (abs)        0000
__size_of_set_time                (abs)        0000
__size_of_str_write_EEPROM        (abs)        0000
__size_of_strcpy                  (abs)        0000
__size_of_strncmp                 (abs)        0000
__size_of_strncpy                 (abs)        0000
__size_of_view_log                (abs)        0000
__size_of_write_ds1307            (abs)        0000
__stringbase                      strings      1812
__stringtab                       strings      1800
_access                           bssCOMMON    0079
_byte_write_EEPROM                text43       1FE2
_change_password                  text37       0E01
_clcd_print                       text41       12B1
_clcd_putch                       text40       1F82
_clcd_write                       text42       1382
_clear_screen                     text39       1F49
_clock_reg                        bssBANK0     003E
_dec2bcd                          text34       146C
_display_dash_screen              text28       1605
_display_time                     text29       1739
_download_log                     text23       091C
_get_time                         text30       1192
_hour                             bssBANK0     0050
_i2c_read                         text33       11B4
_i2c_rep_start                    text32       1F33
_i2c_start                        text46       1F0C
_i2c_stop                         text45       1F15
_i2c_wait_for_idle                text47       07F3
_i2c_write                        text44       1F28
_init_adc                         text22       1EFD
_init_clcd                        text20       1167
_init_config                      text12       13F2
_init_digital_keypad              text19       1161
_init_display_controller          text21       0782
_init_ds1307                      text17       1FC7
_init_i2c                         text15       12E4
_init_timer2                      text14       1F1E
_init_uart                        text13       127F
_isr                              text49       14F3
_log                              bssBANK1     00AB
_log_car_event                    text10       13BA
_log_event                        text8        15A7
_login                            text7        0A88
_login_menu                       text6        0849
_main                             maintext     0048
_menu                             dataBANK1    00D5
_min                              bssBANK0     004E
_minute                           bssBANK0     0051
_nDONE                            (abs)        00FA
_pos                              dataCOMMON   0077
_putchar                          text26       1F3E
_puts                             text25       11D7
_read_EEPROM                      text24       134D
_read_adc                         text5        1F6E
_read_digital_keypad              text4        1224
_read_ds1307                      text31       1318
_return_time                      bssBANK1     00A9
_sec                              bssBANK0     004F
_second                           bssBANK0     0052
_set_time                         text3        045C
_str_write_EEPROM                 text11       124E
_strcpy                           text2        11FD
_strncmp                          text38       142C
_strncpy                          text9        0802
_time                             bssBANK1     00B6
_view_log                         text1        0C3E
_write_ds1307                     text18       1172
btemp                             (abs)        007E
byte_write_EEPROM@addr            cstackCOMMON 0076
byte_write_EEPROM@data            cstackCOMMON 0075
change_password@flag              bssBANK0     0047
change_password@i                 bssBANK0     0049
change_password@j                 bssBANK0     0048
change_password@k                 cstackBANK0  0035
change_password@key               cstackBANK0  0030
change_password@npasswd           bssBANK1     00C1
change_password@re_npasswd        bssBANK1     00BD
change_password@reset_flag        cstackBANK0  0034
clcd_print@addr                   cstackBANK0  0023
clcd_print@str                    cstackBANK0  0021
clcd_putch@addr                   cstackBANK0  002E
clcd_putch@data                   cstackBANK0  002F
clcd_write@byte                   cstackBANK0  0020
clcd_write@mode                   cstackCOMMON 0074
clear_ram0                        clrtext      1F04
dec2bcd@num                       cstackBANK0  0034
dec2bcd@ones                      cstackBANK0  0031
dec2bcd@temp                      cstackBANK0  0033
dec2bcd@tens                      cstackBANK0  0032
display_dash_screen@event         cstackBANK0  0036
display_dash_screen@speed         cstackBANK0  0032
download_log@ch                   cstackBANK0  0029
download_log@i                    cstackBANK0  0028
download_log@log_pos              bssBANK0     0041
download_log@reset_flag           cstackBANK0  0027
end_of_initialization             cinit        0044
i2c_read@ack                      cstackCOMMON 0075
i2c_read@data                     cstackCOMMON 0076
i2c_write@data                    cstackCOMMON 0074
init_ds1307@dummy                 cstackBANK0  0037
init_fetch0                       inittext     1F5B
init_i2c@baud                     cstackBANK0  002D
init_ram0                         inittext     1F5F
init_uart@baud                    cstackBANK0  002D
interrupt_function                intentry     0004
intlevel0                         functab      0000
intlevel1                         functab      0000
intlevel2                         functab      0000
intlevel3                         functab      0000
intlevel4                         functab      0000
intlevel5                         functab      0000
isr@count                         bssBANK1     00A7
log_car_event@addr                cstackBANK0  0026
log_event@event                   cstackBANK0  0032
log_event@speed                   cstackBANK0  002E
login@attempt_rem                 bssBANK0     004D
login@i                           bssBANK0     004C
login@j                           cstackBANK0  0039
login@key                         cstackBANK0  0030
login@npasswd                     bssBANK1     00C5
login@reset_flag                  cstackBANK0  0038
login@spasswd                     cstackBANK0  0034
login_menu@key                    cstackBANK0  0030
login_menu@menu_pos               bssBANK0     004B
login_menu@reset_flag             cstackBANK0  0034
main@F1017                        dataBANK1    00C9
main@F1020                        dataBANK1    00DF
main@control_flag                 cstackBANK3  01B0
main@delay1                       cstackBANK3  019C
main@delay2                       cstackBANK3  019E
main@delay3                       cstackBANK3  01A0
main@delay4                       cstackBANK3  01A2
main@delay5                       cstackBANK3  01A4
main@event                        cstackBANK3  01A7
main@gear                         cstackBANK3  0190
main@gr                           cstackBANK3  01AA
main@key                          cstackBANK3  01AF
main@key_level                    cstackBANK3  01AC
main@menu_pos                     cstackBANK3  01A6
main@reset_flag                   cstackBANK3  01AE
main@speed                        cstackBANK3  01AD
putchar@data                      cstackCOMMON 0074
puts@s                            cstackCOMMON 0075
read_EEPROM@addr                  cstackBANK0  0021
read_EEPROM@data                  cstackBANK0  0022
read_adc@adc_reg_val              cstackBANK0  0020
read_digital_keypad@mode          cstackCOMMON 0075
read_digital_keypad@once          dataBANK0    0053
read_ds1307@addr                  cstackBANK0  0021
read_ds1307@data                  cstackBANK0  0022
reset_vec                         reset_vec    0000
saved_w                           (abs)        007E
set_time@delay                    bssBANK0     0043
set_time@flag                     bssBANK0     0042
set_time@hour_flag                bssBANK0     0044
set_time@key                      cstackBANK0  0030
set_time@minute_flag              bssBANK0     0045
set_time@new_time                 bssBANK1     00A0
set_time@reset_flag               cstackBANK0  0034
set_time@second_flag              bssBANK0     0046
start                             init         0010
start_initialization              cinit        0013
str_write_EEPROM@addr             cstackBANK0  0023
str_write_EEPROM@data             cstackBANK0  0020
strcpy@cp                         cstackBANK0  0020
strcpy@from                       cstackCOMMON 0074
strcpy@to                         cstackBANK0  0021
strncmp@len                       cstackCOMMON 0075
strncmp@s1                        cstackBANK0  0022
strncmp@s2                        cstackCOMMON 0074
strncpy@cp                        cstackBANK0  0025
strncpy@from                      cstackBANK0  0020
strncpy@size                      cstackBANK0  0022
strncpy@to                        cstackBANK0  0024
view_log@ch                       cstackBANK0  0035
view_log@i                        cstackBANK0  0034
view_log@key                      cstackBANK0  0030
view_log@log_pos                  bssBANK0     004A
view_log@reset_flag               cstackBANK0  0033
write_ds1307@addr                 cstackCOMMON 0076
write_ds1307@data                 cstackBANK0  0035
wtemp0                            (abs)        007E


MODULE INFORMATION

Module		Function		Class		Link	Load	Size
C:\Program Files\Microchip\xc8\v2.32\pic\sources\c90\common\Umul8.c
		___bmul        		CODE           	1F97	0000	23

C:\Program Files\Microchip\xc8\v2.32\pic\sources\c90\common\Umul8.c estimated size: 23

timers.c
		_init_timer2   		CODE           	1F1E	0000	10

timers.c estimated size: 10

digital_keypad.c
		_init_digital_keypad		CODE           	1161	0000	6
		_read_digital_keypad		CODE           	1224	0000	42

digital_keypad.c estimated size: 48

uart.c
		_init_uart     		CODE           	127F	0000	50
		_puts          		CODE           	11D7	0000	38
		_putchar       		CODE           	1F3E	0000	11

uart.c estimated size: 99

i2c.c
		_i2c_start     		CODE           	1F0C	0000	9
		_i2c_rep_start 		CODE           	1F33	0000	11
		_i2c_write     		CODE           	1F28	0000	11
		_i2c_stop      		CODE           	1F15	0000	9
		_i2c_read      		CODE           	11B4	0000	35
		_init_i2c      		CODE           	12E4	0000	52
		_i2c_wait_for_idle		CODE           	07F3	0000	13

i2c.c estimated size: 140

C:\Program Files\Microchip\xc8\v2.32\pic\sources\c90\common\strcpy.c
		_strcpy        		CODE           	11FD	0000	39

C:\Program Files\Microchip\xc8\v2.32\pic\sources\c90\common\strcpy.c estimated size: 39

ds1307.c
		_read_ds1307   		CODE           	1318	0000	53
		_write_ds1307  		CODE           	1172	0000	32
		_init_ds1307   		CODE           	1FC7	0000	27

ds1307.c estimated size: 112

adc.c
		_init_adc      		CODE           	1EFD	0000	7
		_read_adc      		CODE           	1F6E	0000	20

adc.c estimated size: 27

C:\Program Files\Microchip\xc8\v2.32\pic\sources\c90\common\awmod.c
		___awmod       		CODE           	154C	0000	91

C:\Program Files\Microchip\xc8\v2.32\pic\sources\c90\common\awmod.c estimated size: 91

EEPROM.c
		_str_write_EEPROM		CODE           	124E	0000	49
		_byte_write_EEPROM		CODE           	1FE2	0000	30
		_read_EEPROM   		CODE           	134D	0000	53

EEPROM.c estimated size: 132

isr.c
		_isr           		CODE           	14F3	0000	89

isr.c estimated size: 89

shared
		__stringtab    		STRING         	1800	0000	18
		__initialization		CODE           	0013	0000	49

shared estimated size: 67

clcd.c
		_clcd_write    		CODE           	1382	0000	56
		_clcd_print    		CODE           	12B1	0000	51
		_clcd_putch    		CODE           	1F82	0000	21
		_init_display_controller		CODE           	0782	0000	113
		_init_clcd     		CODE           	1167	0000	11

clcd.c estimated size: 252

car_black_box_def.c
		_view_log      		CODE           	0C3E	0000	451
		_log_car_event 		CODE           	13BA	0000	56
		_display_time  		CODE           	1739	0000	199
		_display_dash_screen		CODE           	1605	0000	99
		_change_password		CODE           	0E01	0000	511
		_get_time      		CODE           	1192	0000	34
		_dec2bcd       		CODE           	146C	0000	65
		_clear_screen  		CODE           	1F49	0000	18
		_download_log  		CODE           	091C	0000	364
		_log_event     		CODE           	15A7	0000	94
		_login_menu    		CODE           	0849	0000	211
		_set_time      		CODE           	045C	0000	806
		_login         		CODE           	0A88	0000	438

car_black_box_def.c estimated size: 3346

C:\Program Files\Microchip\xc8\v2.32\pic\sources\c90\common\lwdiv.c
		___lwdiv       		CODE           	14AD	0000	70

C:\Program Files\Microchip\xc8\v2.32\pic\sources\c90\common\lwdiv.c estimated size: 70

C:\Program Files\Microchip\xc8\v2.32\pic\sources\c90\common\awdiv.c
		___awdiv       		CODE           	16D0	0000	105

C:\Program Files\Microchip\xc8\v2.32\pic\sources\c90\common\awdiv.c estimated size: 105

main.c
		_main          		CODE           	0048	0000	1044
		_init_config   		CODE           	13F2	0000	58

main.c estimated size: 1102

C:\Program Files\Microchip\xc8\v2.32\pic\sources\c90\common\strncmp.c
		_strncmp       		CODE           	142C	0000	64

C:\Program Files\Microchip\xc8\v2.32\pic\sources\c90\common\strncmp.c estimated size: 64

C:\Program Files\Microchip\xc8\v2.32\pic\sources\c90\common\strncpy.c
		_strncpy       		CODE           	0802	0000	71

C:\Program Files\Microchip\xc8\v2.32\pic\sources\c90\common\strncpy.c estimated size: 71

C:\Program Files\Microchip\xc8\v2.32\pic\sources\c90\common\__lldiv.c
		___lldiv       		CODE           	1668	0000	104

C:\Program Files\Microchip\xc8\v2.32\pic\sources\c90\common\__lldiv.c estimated size: 104

